---
source: ella-parser/src/parser/expr.rs
expression: "expr(r#\"\"\"\"#)"
---
Expr {
    kind: StringLit(
        "",
    ),
    span: 0..2,
}
