---
source: ella-parser/src/parser/stmt.rs
expression: "stmt(r#\"while true {}\"#)"
---
WhileStmt {
    condition: Expr {
        kind: BoolLit(
            true,
        ),
        span: 6..10,
    },
    body: [],
}
