---
source: ella-parser/src/parser/expr.rs
expression: "expr(r#\"\"abc\"\"#)"
---
Expr {
    kind: StringLit(
        "abc",
    ),
    span: 0..5,
}
