---
source: ella-parser/src/parser/stmt.rs
expression: "stmt(\"fn foo() {}\")"
---
Stmt {
    kind: FnDeclaration {
        ident: "foo",
        params: [],
        body: [],
    },
    span: 0..11,
}
