---
source: ella-parser/src/parser/expr.rs
expression: "expr(\"foo\")"
---
Expr {
    kind: Identifier(
        "foo",
    ),
    span: 0..3,
}
