---
source: ella-parser/src/parser/expr.rs
expression: "expr(\"a = b = c\")"
---
Expr {
    kind: Binary {
        lhs: Expr {
            kind: Identifier(
                "a",
            ),
            span: 0..1,
        },
        op: Equals,
        rhs: Expr {
            kind: Binary {
                lhs: Expr {
                    kind: Identifier(
                        "b",
                    ),
                    span: 4..5,
                },
                op: Equals,
                rhs: Expr {
                    kind: Identifier(
                        "c",
                    ),
                    span: 8..9,
                },
            },
            span: 4..9,
        },
    },
    span: 0..9,
}
