---
source: ella-parser/src/parser/expr.rs
expression: "expr(\"false\")"
---
Expr {
    kind: BoolLit(
        false,
    ),
    span: 0..5,
}
